// Jest Snapshot v1, https://goo.gl/fbAQLP

exports[`<Home /> matches snapshot 1`] = `
<Home>
  <div
    id="home"
  >
    <ScrollUpOnMount />
    <div
      className="waving emoji"
    >
      ðŸ‘‹
    </div>
    <h1>
      Hello there!
    </h1>
    <p>
      This is a React starter kit built with Webpack.
    </p>
  </div>
</Home>
`;
