// Jest Snapshot v1, https://goo.gl/fbAQLP

exports[`<ScrollUpOnMount /> renders 1`] = `<ScrollUpOnMount />`;
