// Jest Snapshot v1, https://goo.gl/fbAQLP

exports[`<ScrollUpOnMount /> matches snapshot 1`] = `<ScrollUpOnMount />`;
