// Jest Snapshot v1, https://goo.gl/fbAQLP

exports[`<Main /> matches snapshot 1`] = `
<BrowserRouter>
  <Router
    history={
      Object {
        "action": "POP",
        "block": [Function],
        "createHref": [Function],
        "go": [Function],
        "goBack": [Function],
        "goForward": [Function],
        "length": 1,
        "listen": [Function],
        "location": Object {
          "hash": "",
          "pathname": "/",
          "search": "",
          "state": undefined,
        },
        "push": [Function],
        "replace": [Function],
      }
    }
  >
    <Main>
      <div
        id="site"
      >
        <header>
          <Nav />
        </header>
        <main>
          <Switch>
            <Route
              component={[Function]}
              computedMatch={
                Object {
                  "isExact": true,
                  "params": Object {},
                  "path": "/",
                  "url": "/",
                }
              }
              location={
                Object {
                  "hash": "",
                  "pathname": "/",
                  "search": "",
                  "state": undefined,
                }
              }
              path="/"
            >
              <Home
                history={
                  Object {
                    "action": "POP",
                    "block": [Function],
                    "createHref": [Function],
                    "go": [Function],
                    "goBack": [Function],
                    "goForward": [Function],
                    "length": 1,
                    "listen": [Function],
                    "location": Object {
                      "hash": "",
                      "pathname": "/",
                      "search": "",
                      "state": undefined,
                    },
                    "push": [Function],
                    "replace": [Function],
                  }
                }
                location={
                  Object {
                    "hash": "",
                    "pathname": "/",
                    "search": "",
                    "state": undefined,
                  }
                }
                match={
                  Object {
                    "isExact": true,
                    "params": Object {},
                    "path": "/",
                    "url": "/",
                  }
                }
              />
            </Route>
          </Switch>
        </main>
      </div>
    </Main>
  </Router>
</BrowserRouter>
`;
